00:00 +0: loading /home/joe/Documents/Ub-Hub/test/screens/chatbot_screen_test.dart
00:00 +0: ChatbotScreen renders empty state initially
══╡ EXCEPTION CAUGHT BY WIDGETS LIBRARY ╞═══════════════════════════════════════════════════════════
The following ProviderNotFoundException was thrown building ChatbotScreen(dirty, dependencies:
[InheritedCupertinoTheme, _InheritedTheme, _LocalizationsScope-[GlobalKey#a00c7]], state:
_ChatbotScreenState#4773d):
Error: Could not find the correct Provider<UserModel> above this ChatbotScreen Widget

This happens because you used a `BuildContext` that does not include the provider
of your choice. There are a few common scenarios:

- You added a new provider in your `main.dart` and performed a hot-reload.
  To fix, perform a hot-restart.

- The provider you are trying to read is in a different route.

  Providers are "scoped". So if you insert of provider inside a route, then
  other routes will not be able to access that provider.

- You used a `BuildContext` that is an ancestor of the provider you are trying to read.

  Make sure that ChatbotScreen is under your MultiProvider/Provider<UserModel>.
  This usually happens when you are creating a provider and trying to read it immediately.

  For example, instead of:

  ```
  Widget build(BuildContext context) {
    return Provider<Example>(
      create: (_) => Example(),
      // Will throw a ProviderNotFoundError, because `context` is associated
      // to the widget that is the parent of `Provider<Example>`
      child: Text(context.watch<Example>().toString()),
    );
  }
  ```

  consider using `builder` like so:

  ```
  Widget build(BuildContext context) {
    return Provider<Example>(
      create: (_) => Example(),
      // we use `builder` to obtain a new `BuildContext` that has access to the provider
      builder: (context, child) {
        // No longer throws
        return Text(context.watch<Example>().toString());
      }
    );
  }
  ```

If none of these solutions work, consider asking for help on StackOverflow:
https://stackoverflow.com/questions/tagged/flutter

The relevant error-causing widget was:
  ChatbotScreen
  ChatbotScreen:file:///home/joe/Documents/Ub-Hub/test/screens/chatbot_screen_test.dart:34:13

When the exception was thrown, this was the stack:
#0      Provider._inheritedElementOf (package:provider/src/provider.dart:377:7)
#1      Provider.of (package:provider/src/provider.dart:327:30)
#2      _ChatbotScreenState.build (package:go_study/Screens/UI/preview/Chatbot/chatbot_screen.dart:417:32)
#3      StatefulElement.build (package:flutter/src/widgets/framework.dart:5931:27)
#4      ComponentElement.performRebuild (package:flutter/src/widgets/framework.dart:5817:15)
#5      StatefulElement.performRebuild (package:flutter/src/widgets/framework.dart:5982:11)
#6      Element.rebuild (package:flutter/src/widgets/framework.dart:5529:7)
#7      ComponentElement._firstBuild (package:flutter/src/widgets/framework.dart:5799:5)
#8      StatefulElement._firstBuild (package:flutter/src/widgets/framework.dart:5973:11)
#9      ComponentElement.mount (package:flutter/src/widgets/framework.dart:5793:5)
...     Normal element mounting (260 frames)
#269    Element.inflateWidget (package:flutter/src/widgets/framework.dart:4587:20)
#270    MultiChildRenderObjectElement.inflateWidget (package:flutter/src/widgets/framework.dart:7264:36)
#271    MultiChildRenderObjectElement.mount (package:flutter/src/widgets/framework.dart:7279:32)
...     Normal element mounting (467 frames)
#738    Element.inflateWidget (package:flutter/src/widgets/framework.dart:4587:20)
#739    Element.updateChild (package:flutter/src/widgets/framework.dart:4053:20)
#740    ComponentElement.performRebuild (package:flutter/src/widgets/framework.dart:5841:16)
#741    Element.rebuild (package:flutter/src/widgets/framework.dart:5529:7)
#742    ProxyElement.update (package:flutter/src/widgets/framework.dart:6149:5)
#743    _InheritedNotifierElement.update (package:flutter/src/widgets/inherited_notifier.dart:108:11)
#744    Element.updateChild (package:flutter/src/widgets/framework.dart:4037:15)
#745    ComponentElement.performRebuild (package:flutter/src/widgets/framework.dart:5841:16)
#746    StatefulElement.performRebuild (package:flutter/src/widgets/framework.dart:5982:11)
#747    Element.rebuild (package:flutter/src/widgets/framework.dart:5529:7)
#748    StatefulElement.update (package:flutter/src/widgets/framework.dart:6007:5)
#749    Element.updateChild (package:flutter/src/widgets/framework.dart:4037:15)
#750    ComponentElement.performRebuild (package:flutter/src/widgets/framework.dart:5841:16)
#751    Element.rebuild (package:flutter/src/widgets/framework.dart:5529:7)
#752    ProxyElement.update (package:flutter/src/widgets/framework.dart:6149:5)
#753    _InheritedNotifierElement.update (package:flutter/src/widgets/inherited_notifier.dart:108:11)
#754    Element.updateChild (package:flutter/src/widgets/framework.dart:4037:15)
#755    ComponentElement.performRebuild (package:flutter/src/widgets/framework.dart:5841:16)
#756    StatefulElement.performRebuild (package:flutter/src/widgets/framework.dart:5982:11)
#757    Element.rebuild (package:flutter/src/widgets/framework.dart:5529:7)
#758    StatefulElement.update (package:flutter/src/widgets/framework.dart:6007:5)
#759    Element.updateChild (package:flutter/src/widgets/framework.dart:4037:15)
#760    ComponentElement.performRebuild (package:flutter/src/widgets/framework.dart:5841:16)
#761    StatefulElement.performRebuild (package:flutter/src/widgets/framework.dart:5982:11)
#762    Element.rebuild (package:flutter/src/widgets/framework.dart:5529:7)
#763    StatefulElement.update (package:flutter/src/widgets/framework.dart:6007:5)
#764    Element.updateChild (package:flutter/src/widgets/framework.dart:4037:15)
#765    ComponentElement.performRebuild (package:flutter/src/widgets/framework.dart:5841:16)
#766    Element.rebuild (package:flutter/src/widgets/framework.dart:5529:7)
#767    ProxyElement.update (package:flutter/src/widgets/framework.dart:6149:5)
#768    Element.updateChild (package:flutter/src/widgets/framework.dart:4037:15)
#769    ComponentElement.performRebuild (package:flutter/src/widgets/framework.dart:5841:16)
#770    StatefulElement.performRebuild (package:flutter/src/widgets/framework.dart:5982:11)
#771    Element.rebuild (package:flutter/src/widgets/framework.dart:5529:7)
#772    StatefulElement.update (package:flutter/src/widgets/framework.dart:6007:5)
#773    Element.updateChild (package:flutter/src/widgets/framework.dart:4037:15)
#774    ComponentElement.performRebuild (package:flutter/src/widgets/framework.dart:5841:16)
#775    Element.rebuild (package:flutter/src/widgets/framework.dart:5529:7)
#776    ProxyElement.update (package:flutter/src/widgets/framework.dart:6149:5)
#777    Element.updateChild (package:flutter/src/widgets/framework.dart:4037:15)
#778    ComponentElement.performRebuild (package:flutter/src/widgets/framework.dart:5841:16)
#779    Element.rebuild (package:flutter/src/widgets/framework.dart:5529:7)
#780    ProxyElement.update (package:flutter/src/widgets/framework.dart:6149:5)
#781    Element.updateChild (package:flutter/src/widgets/framework.dart:4037:15)
#782    _RawViewElement._updateChild (package:flutter/src/widgets/view.dart:481:16)
#783    _RawViewElement.update (package:flutter/src/widgets/view.dart:568:5)
#784    Element.updateChild (package:flutter/src/widgets/framework.dart:4037:15)
#785    ComponentElement.performRebuild (package:flutter/src/widgets/framework.dart:5841:16)
#786    Element.rebuild (package:flutter/src/widgets/framework.dart:5529:7)
#787    StatelessElement.update (package:flutter/src/widgets/framework.dart:5895:5)
#788    Element.updateChild (package:flutter/src/widgets/framework.dart:4037:15)
#789    ComponentElement.performRebuild (package:flutter/src/widgets/framework.dart:5841:16)
#790    StatefulElement.performRebuild (package:flutter/src/widgets/framework.dart:5982:11)
#791    Element.rebuild (package:flutter/src/widgets/framework.dart:5529:7)
#792    StatefulElement.update (package:flutter/src/widgets/framework.dart:6007:5)
#793    Element.updateChild (package:flutter/src/widgets/framework.dart:4037:15)
#794    RootElement._rebuild (package:flutter/src/widgets/binding.dart:1822:16)
#795    RootElement.update (package:flutter/src/widgets/binding.dart:1800:5)
#796    RootElement.performRebuild (package:flutter/src/widgets/binding.dart:1814:7)
#797    Element.rebuild (package:flutter/src/widgets/framework.dart:5529:7)
#798    BuildScope._tryRebuild (package:flutter/src/widgets/framework.dart:2750:15)
#799    BuildScope._flushDirtyElements (package:flutter/src/widgets/framework.dart:2807:11)
#800    BuildOwner.buildScope (package:flutter/src/widgets/framework.dart:3111:18)
#801    AutomatedTestWidgetsFlutterBinding.drawFrame (package:flutter_test/src/binding.dart:2131:19)
#802    RendererBinding._handlePersistentFrameCallback (package:flutter/src/rendering/binding.dart:495:5)
#803    SchedulerBinding._invokeFrameCallback (package:flutter/src/scheduler/binding.dart:1430:15)
#804    SchedulerBinding.handleDrawFrame (package:flutter/src/scheduler/binding.dart:1345:9)
#805    AutomatedTestWidgetsFlutterBinding.pump.<anonymous closure> (package:flutter_test/src/binding.dart:1960:9)
#808    TestAsyncUtils.guard (package:flutter_test/src/test_async_utils.dart:74:41)
#809    AutomatedTestWidgetsFlutterBinding.pump (package:flutter_test/src/binding.dart:1949:27)
#810    WidgetTester.pumpWidget.<anonymous closure> (package:flutter_test/src/widget_tester.dart:598:22)
#813    TestAsyncUtils.guard (package:flutter_test/src/test_async_utils.dart:74:41)
#814    WidgetTester.pumpWidget (package:flutter_test/src/widget_tester.dart:595:27)
#815    main.<anonymous closure> (file:///home/joe/Documents/Ub-Hub/test/screens/chatbot_screen_test.dart:42:18)
#816    testWidgets.<anonymous closure>.<anonymous closure> (package:flutter_test/src/widget_tester.dart:192:29)
<asynchronous suspension>
#817    TestWidgetsFlutterBinding._runTestBody (package:flutter_test/src/binding.dart:1682:5)
<asynchronous suspension>
<asynchronous suspension>
(elided 5 frames from dart:async and package:stack_trace)

════════════════════════════════════════════════════════════════════════════════════════════════════
══╡ EXCEPTION CAUGHT BY WIDGETS LIBRARY ╞═══════════════════════════════════════════════════════════
The following ProviderNotFoundException was thrown building ChatbotScreen(dirty, dependencies:
[InheritedCupertinoTheme, _InheritedTheme, _LocalizationsScope-[GlobalKey#a00c7]], state:
_ChatbotScreenState#4773d):
Error: Could not find the correct Provider<UserModel> above this ChatbotScreen Widget

This happens because you used a `BuildContext` that does not include the provider
of your choice. There are a few common scenarios:

- You added a new provider in your `main.dart` and performed a hot-reload.
  To fix, perform a hot-restart.

- The provider you are trying to read is in a different route.

  Providers are "scoped". So if you insert of provider inside a route, then
  other routes will not be able to access that provider.

- You used a `BuildContext` that is an ancestor of the provider you are trying to read.

  Make sure that ChatbotScreen is under your MultiProvider/Provider<UserModel>.
  This usually happens when you are creating a provider and trying to read it immediately.

  For example, instead of:

  ```
  Widget build(BuildContext context) {
    return Provider<Example>(
      create: (_) => Example(),
      // Will throw a ProviderNotFoundError, because `context` is associated
      // to the widget that is the parent of `Provider<Example>`
      child: Text(context.watch<Example>().toString()),
    );
  }
  ```

  consider using `builder` like so:

  ```
  Widget build(BuildContext context) {
    return Provider<Example>(
      create: (_) => Example(),
      // we use `builder` to obtain a new `BuildContext` that has access to the provider
      builder: (context, child) {
        // No longer throws
        return Text(context.watch<Example>().toString());
      }
    );
  }
  ```

If none of these solutions work, consider asking for help on StackOverflow:
https://stackoverflow.com/questions/tagged/flutter

The relevant error-causing widget was:
  ChatbotScreen
  ChatbotScreen:file:///home/joe/Documents/Ub-Hub/test/screens/chatbot_screen_test.dart:34:13

When the exception was thrown, this was the stack:
#0      Provider._inheritedElementOf (package:provider/src/provider.dart:377:7)
#1      Provider.of (package:provider/src/provider.dart:327:30)
#2      _ChatbotScreenState.build (package:go_study/Screens/UI/preview/Chatbot/chatbot_screen.dart:417:32)
#3      StatefulElement.build (package:flutter/src/widgets/framework.dart:5931:27)
#4      ComponentElement.performRebuild (package:flutter/src/widgets/framework.dart:5817:15)
#5      StatefulElement.performRebuild (package:flutter/src/widgets/framework.dart:5982:11)
#6      Element.rebuild (package:flutter/src/widgets/framework.dart:5529:7)
#7      BuildScope._tryRebuild (package:flutter/src/widgets/framework.dart:2750:15)
#8      BuildScope._flushDirtyElements (package:flutter/src/widgets/framework.dart:2807:11)
#9      BuildOwner.buildScope (package:flutter/src/widgets/framework.dart:3111:18)
#10     AutomatedTestWidgetsFlutterBinding.drawFrame (package:flutter_test/src/binding.dart:2131:19)
#11     RendererBinding._handlePersistentFrameCallback (package:flutter/src/rendering/binding.dart:495:5)
#12     SchedulerBinding._invokeFrameCallback (package:flutter/src/scheduler/binding.dart:1430:15)
#13     SchedulerBinding.handleDrawFrame (package:flutter/src/scheduler/binding.dart:1345:9)
#14     AutomatedTestWidgetsFlutterBinding.pump.<anonymous closure> (package:flutter_test/src/binding.dart:1960:9)
#17     TestAsyncUtils.guard (package:flutter_test/src/test_async_utils.dart:74:41)
#18     AutomatedTestWidgetsFlutterBinding.pump (package:flutter_test/src/binding.dart:1949:27)
#19     WidgetTester.pump.<anonymous closure> (package:flutter_test/src/widget_tester.dart:652:53)
#22     TestAsyncUtils.guard (package:flutter_test/src/test_async_utils.dart:74:41)
#23     WidgetTester.pump (package:flutter_test/src/widget_tester.dart:652:27)
#24     main.<anonymous closure> (file:///home/joe/Documents/Ub-Hub/test/screens/chatbot_screen_test.dart:43:18)
<asynchronous suspension>
#25     testWidgets.<anonymous closure>.<anonymous closure> (package:flutter_test/src/widget_tester.dart:192:15)
<asynchronous suspension>
#26     TestWidgetsFlutterBinding._runTestBody (package:flutter_test/src/binding.dart:1682:5)
<asynchronous suspension>
<asynchronous suspension>
(elided 5 frames from dart:async and package:stack_trace)

════════════════════════════════════════════════════════════════════════════════════════════════════
══╡ EXCEPTION CAUGHT BY FLUTTER TEST FRAMEWORK ╞════════════════════════════════════════════════════
The following TestFailure was thrown running a test:
Expected: exactly one matching candidate
  Actual: _TextWidgetFinder:<Found 0 widgets with text "How can I help you today?": []>
   Which: means none were found but one was expected

When the exception was thrown, this was the stack:
#4      main.<anonymous closure> (file:///home/joe/Documents/Ub-Hub/test/screens/chatbot_screen_test.dart:45:5)
<asynchronous suspension>
#5      testWidgets.<anonymous closure>.<anonymous closure> (package:flutter_test/src/widget_tester.dart:192:15)
<asynchronous suspension>
#6      TestWidgetsFlutterBinding._runTestBody (package:flutter_test/src/binding.dart:1682:5)
<asynchronous suspension>
<asynchronous suspension>
(elided one frame from package:stack_trace)

This was caught by the test expectation on the following line:
  file:///home/joe/Documents/Ub-Hub/test/screens/chatbot_screen_test.dart line 45
The test description was:
  ChatbotScreen renders empty state initially
════════════════════════════════════════════════════════════════════════════════════════════════════
══╡ EXCEPTION CAUGHT BY FLUTTER TEST FRAMEWORK ╞════════════════════════════════════════════════════
The following message was thrown:
Multiple exceptions (3) were detected during the running of the current test, and at least one was
unexpected.
════════════════════════════════════════════════════════════════════════════════════════════════════
00:00 +0 -1: ChatbotScreen renders empty state initially [E]
  Test failed. See exception logs above.
  The test description was: ChatbotScreen renders empty state initially
  
00:00 +0 -1: Sending a message adds it to the list
══╡ EXCEPTION CAUGHT BY FLUTTER TEST FRAMEWORK ╞════════════════════════════════════════════════════
The following StateError was thrown running a test:
Bad state: A test tried to use `any` or `captureAny` on a parameter of type `ChatSession`, but
registerFallbackValue was not previously called to register a fallback value for `ChatSession`.

To fix, do:

```
void main() {
  setUpAll(() {
    registerFallbackValue(/* create a dummy instance of `ChatSession` */);
  });
}
```

This instance of `ChatSession` will only be passed around, but never be interacted with.
Therefore, if `ChatSession` is a function, it does not have to return a valid object and
could throw unconditionally.
If you cannot easily create an instance of `ChatSession`, consider defining a `Fake`:

```
class MyTypeFake extends Fake implements MyType {}

void main() {
  setUpAll(() {
    registerFallbackValue(MyTypeFake());
  });
}
```

Fallbacks are required because mocktail has to know of a valid `ChatSession` to prevent
TypeErrors from being thrown in Dart's sound null safe mode, while still
providing a convenient syntax.

When the exception was thrown, this was the stack:
#0      _getFallbackValue (package:mocktail/src/_register_matcher.dart:49:5)
#1      _registerMatcher (package:mocktail/src/_register_matcher.dart:160:25)
#2      any (package:mocktail/src/_register_matcher.dart:104:10)
#3      main.<anonymous closure>.<anonymous closure> (file:///home/joe/Documents/Ub-Hub/test/screens/chatbot_screen_test.dart:50:44)
#4      when.<anonymous closure> (package:mocktail/src/mocktail.dart:211:9)
#5      main.<anonymous closure> (file:///home/joe/Documents/Ub-Hub/test/screens/chatbot_screen_test.dart:50:9)
#6      testWidgets.<anonymous closure>.<anonymous closure> (package:flutter_test/src/widget_tester.dart:192:29)
<asynchronous suspension>
#7      TestWidgetsFlutterBinding._runTestBody (package:flutter_test/src/binding.dart:1682:5)
<asynchronous suspension>
<asynchronous suspension>
(elided one frame from package:stack_trace)

The test description was:
  Sending a message adds it to the list
════════════════════════════════════════════════════════════════════════════════════════════════════
00:00 +0 -2: Sending a message adds it to the list [E]
  Test failed. See exception logs above.
  The test description was: Sending a message adds it to the list
  
00:00 +0 -2: Some tests failed.
